% python go.py
puzzle puzzle.txt:
53..7....
6..195...
.98....6.
8...6...3
4..8.3..1
7...2...6
.6....28.
...419..5
....8..79
solution 1:
534678912
672195348
198342567
859761423
426853791
713924856
961537284
287419635
345286179
solutions: 1

puzzle ambiguous.txt:
.........
...195...
.98....6.
8...6...3
4..8.3..1
7...2...6
.6....28.
...419..5
....8..79
solution 1:
345678912
672195348
198342567
859761423
426853791
713924856
961537284
287419635
534286179
solution 2:
534678912
672195348
198342567
859761423
426853791
713924856
961537284
287419635
345286179
solutions: 2

