% python go.py
(a) struct Packet in declaration order
  offset  size  member
       0     1  char         tag
       1     7  (padding)
       8     8  double       stamp
      16     1  bool         urgent
      17     3  (padding)
      20     4  int          length
      24     2  short        port
      26     6  (padding)
      32     8  char const*  payload
  sizeof 40, alignof 8, padding 16
(b) the order of the smallest size
  smallest sizeof 24, reached by 48 of 720 orders
  the first of those orders: length, port, tag, urgent, payload, stamp
  offset  size  member
       0     4  int          length
       4     2  short        port
       6     1  char         tag
       7     1  bool         urgent
       8     8  char const*  payload
      16     8  double       stamp
  sizeof 24, alignof 8, padding 0
(c) the order of the smallest size with tag first
  smallest sizeof 24, reached by 2 of 120 orders
  the first of those orders: tag, urgent, port, length, payload, stamp
  offset  size  member
       0     1  char         tag
       1     1  bool         urgent
       2     2  short        port
       4     4  int          length
       8     8  char const*  payload
      16     8  double       stamp
  sizeof 24, alignof 8, padding 0
